// Jest Snapshot v1, https://goo.gl/fbAQLP

exports[`name get input with label at default value and placeholder - What do you ask about 1`] = `
Array [
  <label
    className="block my-2 text-xs  text-dark-grey"
  />,
  <div
    className="
          flex items-center  w-full px-m py-xs relative  rounded-md  text-sm text-grey-shd1 hover:border-grey-shd2 focus:border-dark
          border border-grey-shd5"
  >
    <input
      className="focus:outline-none focus:placeholder-dark focus:text-dark disabled:opacity-50"
      disabled={false}
      onChange={[Function]}
      onFocus={[Function]}
      placeholder="What do you ask about?"
      type="text"
      value=""
    />
    
  </div>,
]
`;
